[00:40:50] [Client thread/ERROR]: Exception reading ./saves/New World--/level.dat
java.io.EOFException
	at java.util.zip.GZIPInputStream.readUByte(GZIPInputStream.java:268) ~[?:1.8.0_342]
	at java.util.zip.GZIPInputStream.readUShort(GZIPInputStream.java:258) ~[?:1.8.0_342]
	at java.util.zip.GZIPInputStream.readHeader(GZIPInputStream.java:164) ~[?:1.8.0_342]
	at java.util.zip.GZIPInputStream.<init>(GZIPInputStream.java:79) ~[?:1.8.0_342]
	at java.util.zip.GZIPInputStream.<init>(GZIPInputStream.java:91) ~[?:1.8.0_342]
	at net.minecraft.nbt.CompressedStreamTools.readCompressed(CompressedStreamTools.java:23) ~[minecraft/:?]
	at net.minecraft.world.storage.SaveFormatOld.getWorldInfo(SaveFormatOld.java:56) [minecraft/:?]
	at net.minecraft.world.chunk.storage.AnvilSaveConverter.getSaveList(AnvilSaveConverter.java:47) [minecraft/:?]
	at net.minecraft.client.gui.GuiSelectWorld.func_146627_h(GuiSelectWorld.java:72) [minecraft/:?]
	at net.minecraft.client.gui.GuiSelectWorld.initGui(GuiSelectWorld.java:47) [minecraft/:?]
	at net.minecraft.client.gui.GuiScreen.setWorldAndResolution(GuiScreen.java:364) [minecraft/:?]
	at net.minecraft.client.Minecraft.displayGuiScreen(Minecraft.java:782) [minecraft/:?]
	at net.minecraft.client.gui.GuiMainMenu.actionPerformed(GuiMainMenu.java:182) [minecraft/:?]
	at net.minecraft.client.gui.GuiScreen.mouseClicked(GuiScreen.java:338) [minecraft/:?]
	at net.minecraft.client.gui.GuiMainMenu.mouseClicked(GuiMainMenu.java:423) [minecraft/:?]
	at net.minecraft.client.gui.GuiScreen.handleMouseInput(GuiScreen.java:395) [minecraft/:?]
	at net.minecraft.client.gui.GuiScreen.handleInput(GuiScreen.java:373) [minecraft/:?]
	at net.minecraft.client.Minecraft.runTick(Minecraft.java:1339) [minecraft/:?]
	at net.minecraft.client.Minecraft.runGameLoop(Minecraft.java:851) [minecraft/:?]
	at net.minecraft.client.Minecraft.run(Minecraft.java:334) [minecraft/:?]
	at net.minecraft.client.main.Main.main(Main.java:98) [minecraft/:?]
	at Start.main(Start.java:11) [minecraft/:?]
[00:40:50] [Client thread/ERROR]: Exception reading ./saves/New World--/level.dat_old
java.io.EOFException
	at java.util.zip.GZIPInputStream.readUByte(GZIPInputStream.java:268) ~[?:1.8.0_342]
	at java.util.zip.GZIPInputStream.readUShort(GZIPInputStream.java:258) ~[?:1.8.0_342]
	at java.util.zip.GZIPInputStream.readHeader(GZIPInputStream.java:164) ~[?:1.8.0_342]
	at java.util.zip.GZIPInputStream.<init>(GZIPInputStream.java:79) ~[?:1.8.0_342]
	at java.util.zip.GZIPInputStream.<init>(GZIPInputStream.java:91) ~[?:1.8.0_342]
	at net.minecraft.nbt.CompressedStreamTools.readCompressed(CompressedStreamTools.java:23) ~[minecraft/:?]
	at net.minecraft.world.storage.SaveFormatOld.getWorldInfo(SaveFormatOld.java:67) [minecraft/:?]
	at net.minecraft.world.chunk.storage.AnvilSaveConverter.getSaveList(AnvilSaveConverter.java:47) [minecraft/:?]
	at net.minecraft.client.gui.GuiSelectWorld.func_146627_h(GuiSelectWorld.java:72) [minecraft/:?]
	at net.minecraft.client.gui.GuiSelectWorld.initGui(GuiSelectWorld.java:47) [minecraft/:?]
	at net.minecraft.client.gui.GuiScreen.setWorldAndResolution(GuiScreen.java:364) [minecraft/:?]
	at net.minecraft.client.Minecraft.displayGuiScreen(Minecraft.java:782) [minecraft/:?]
	at net.minecraft.client.gui.GuiMainMenu.actionPerformed(GuiMainMenu.java:182) [minecraft/:?]
	at net.minecraft.client.gui.GuiScreen.mouseClicked(GuiScreen.java:338) [minecraft/:?]
	at net.minecraft.client.gui.GuiMainMenu.mouseClicked(GuiMainMenu.java:423) [minecraft/:?]
	at net.minecraft.client.gui.GuiScreen.handleMouseInput(GuiScreen.java:395) [minecraft/:?]
	at net.minecraft.client.gui.GuiScreen.handleInput(GuiScreen.java:373) [minecraft/:?]
	at net.minecraft.client.Minecraft.runTick(Minecraft.java:1339) [minecraft/:?]
	at net.minecraft.client.Minecraft.runGameLoop(Minecraft.java:851) [minecraft/:?]
	at net.minecraft.client.Minecraft.run(Minecraft.java:334) [minecraft/:?]
	at net.minecraft.client.main.Main.main(Main.java:98) [minecraft/:?]
	at Start.main(Start.java:11) [minecraft/:?]
[00:40:52] [Server thread/INFO]: Starting integrated minecraft server version 1.8.8
[00:40:52] [Server thread/INFO]: Generating keypair
[00:40:52] [Server thread/INFO]: Preparing start region for level 0
[00:40:52] [Server thread/INFO]: Changing view distance to 9, from 10
[00:40:52] [Server thread/INFO]: Player412[local:E:204df085] logged in with entity id 854138 at (-190.667774903273, 83.00863202518016, 506.5515760497633)
[00:40:52] [Server thread/INFO]: Player412 joined the game
[00:40:55] [Server thread/INFO]: Saving and pausing game...
[00:40:55] [Server thread/INFO]: Saving chunks for level 'New World'/Overworld
[00:40:55] [Server thread/INFO]: Saving chunks for level 'New World'/Nether
[00:40:55] [Server thread/INFO]: Saving chunks for level 'New World'/The End
[00:40:57] [Server thread/INFO]: Stopping server
[00:40:57] [Server thread/INFO]: Saving players
[00:40:57] [Server thread/INFO]: Saving worlds
[00:40:57] [Server thread/INFO]: Saving chunks for level 'New World'/Overworld
[00:40:57] [Server thread/INFO]: Saving chunks for level 'New World'/Nether
[00:40:57] [Server thread/INFO]: Saving chunks for level 'New World'/The End
